I'm sorry, but errors were detected in your script. Please correct the
errors listed below, and try again.


File "game/script.rpy", line 930: expected a keyword argument or end of line.
    focus_mask = True
               ^

Ren'Py Version: Ren'Py 7.4.11.2266
Sat May  7 15:40:04 2022
